
> saral-lekhan@0.1.0 npx
> tsc --noEmit

src/app/editor/new.tsx(81,34): error TS2339: Property 'themeName' does not exist on type '{ font: { sans: string; sansMed: string; sansSemi: string; sansBold: string; display: string; mono: string; }; isDark: boolean; fontSize: number; radius: { readonly pill: 9999; readonly xl: 28; readonly lg: 24; readonly md: 16; readonly sm: 12; }; spacing: readonly [...]; shadow: { ...; }; strokeWidth: { ...; }; col...'.
src/app/editor/new.tsx(81,67): error TS2339: Property 'themeName' does not exist on type '{ font: { sans: string; sansMed: string; sansSemi: string; sansBold: string; display: string; mono: string; }; isDark: boolean; fontSize: number; radius: { readonly pill: 9999; readonly xl: 28; readonly lg: 24; readonly md: 16; readonly sm: 12; }; spacing: readonly [...]; shadow: { ...; }; strokeWidth: { ...; }; col...'.
src/app/editor/new.tsx(123,51): error TS2339: Property 'fontFamily' does not exist on type 'SettingsState'.
